---
source: crates/cli/tests/golden.rs
expression: json
---
{
  "aliases": [
    {
      "bucket_lookup": "auto",
      "endpoint": "http://localhost:9000",
      "name": "local",
      "region": "us-east-1"
    },
    {
      "bucket_lookup": "auto",
      "endpoint": "https://s3.amazonaws.com",
      "name": "s3",
      "region": "us-west-2"
    }
  ]
}
